17:34:59 **** Incremental Build of configuration Debug for project 011FaultExceptionsAndAnalysis ****
make -j8 all 
arm-none-eabi-gcc "../Src/main.c" -mcpu=cortex-m4 -std=gnu11 -g3 -DSTM32 -DSTM32F407G_DISC1 -DSTM32F4 -DSTM32F407VGTx -DDEBUG -c -I../Inc -O0 -ffunction-sections -fdata-sections -Wall -fstack-usage -MMD -MP -MF"Src/main.d" -MT"Src/main.o" --specs=nano.specs -mfloat-abi=soft -mthumb -o "Src/main.o"
arm-none-eabi-gcc -o "011FaultExceptionsAndAnalysis.elf" @"objects.list"   -mcpu=cortex-m4 -T"C:\Users\suley\OneDrive\Belgeler\Embedded-C\My_workspace\target\011FaultExceptionsAndAnalysis\STM32F407VGTX_FLASH.ld" --specs=nosys.specs -Wl,-Map="011FaultExceptionsAndAnalysis.map" -Wl,--gc-sections -static --specs=nano.specs -mfloat-abi=soft -mthumb -Wl,--start-group -lc -lm -Wl,--end-group
Finished building target: 011FaultExceptionsAndAnalysis.elf
 
arm-none-eabi-objdump -h -S  011FaultExceptionsAndAnalysis.elf  > "011FaultExceptionsAndAnalysis.list"
arm-none-eabi-objcopy  -O binary  011FaultExceptionsAndAnalysis.elf  "011FaultExceptionsAndAnalysis.bin"
arm-none-eabi-size   011FaultExceptionsAndAnalysis.elf 
   text	   data	    bss	    dec	    hex	filename
   5920	    108	   1580	   7608	   1db8	011FaultExceptionsAndAnalysis.elf
Finished building: default.size.stdout
 
Finished building: 011FaultExceptionsAndAnalysis.bin
Finished building: 011FaultExceptionsAndAnalysis.list
 
 
17:35:14 **** Incremental Build of configuration Debug for project 011FaultExceptionsAndAnalysis ****
make -j8 all 
arm-none-eabi-size   011FaultExceptionsAndAnalysis.elf 
   text	   data	    bss	    dec	    hex	filename
   5920	    108	   1580	   7608	   1db8	011FaultExceptionsAndAnalysis.elf
Finished building: default.size.stdout
 
