20:22:34 **** Incremental Build of configuration Debug for project 003InternalLEDs ****
make -j8 all 
arm-none-eabi-gcc "../Src/main.c" -mcpu=cortex-m4 -std=gnu11 -g3 -DSTM32 -DSTM32F4 -DSTM32F407VGTx -DDEBUG -c -I../Inc -O2 -ffunction-sections -fdata-sections -Wall -fstack-usage -MMD -MP -MF"Src/main.d" -MT"Src/main.o" --specs=nano.specs -mfloat-abi=soft -mthumb -o "Src/main.o"
arm-none-eabi-gcc -o "003InternalLEDs.elf" @"objects.list"   -mcpu=cortex-m4 -T"C:\Users\suley\OneDrive\Belgeler\Embedded-C\My_workspace\target\003InternalLEDs\STM32F407VGTX_FLASH.ld" --specs=nosys.specs -Wl,-Map="003InternalLEDs.map" -Wl,--gc-sections -static --specs=nano.specs -mfloat-abi=soft -mthumb -Wl,--start-group -lc -lm -Wl,--end-group
Finished building target: 003InternalLEDs.elf
 
arm-none-eabi-objdump -h -S  003InternalLEDs.elf  > "003InternalLEDs.list"
arm-none-eabi-objcopy  -O binary  003InternalLEDs.elf  "003InternalLEDs.bin"
arm-none-eabi-size   003InternalLEDs.elf 
   text	   data	    bss	    dec	    hex	filename
   1192	      8	   1568	   2768	    ad0	003InternalLEDs.elf
Finished building: default.size.stdout
 
Finished building: 003InternalLEDs.list
Finished building: 003InternalLEDs.bin
 
 
20:22:41 **** Incremental Build of configuration Debug for project 003InternalLEDs ****
make -j8 all 
arm-none-eabi-size   003InternalLEDs.elf 
   text	   data	    bss	    dec	    hex	filename
   1192	      8	   1568	   2768	    ad0	003InternalLEDs.elf
Finished building: default.size.stdout
 
